Archive member included to satisfy reference by file (symbol)

C:/ST/STM32CubeIDE_1.19.0/STM32CubeIDE/plugins/com.st.stm32cube.ide.mcu.externaltools.gnu-tools-for-stm32.13.3.rel1.win32_1.0.0.202411081344/tools/bin/../lib/gcc/arm-none-eabi/13.3.1/../../../../arm-none-eabi/lib/thumb/v6-m/nofp\libc_nano.a(libc_a-exit.o)
                              C:/ST/STM32CubeIDE_1.19.0/STM32CubeIDE/plugins/com.st.stm32cube.ide.mcu.externaltools.gnu-tools-for-stm32.13.3.rel1.win32_1.0.0.202411081344/tools/bin/../lib/gcc/arm-none-eabi/13.3.1/../../../../arm-none-eabi/lib/thumb/v6-m/nofp/crt0.o (exit)
C:/ST/STM32CubeIDE_1.19.0/STM32CubeIDE/plugins/com.st.stm32cube.ide.mcu.externaltools.gnu-tools-for-stm32.13.3.rel1.win32_1.0.0.202411081344/tools/bin/../lib/gcc/arm-none-eabi/13.3.1/../../../../arm-none-eabi/lib/thumb/v6-m/nofp\libc_nano.a(libc_a-findfp.o)
                              C:/ST/STM32CubeIDE_1.19.0/STM32CubeIDE/plugins/com.st.stm32cube.ide.mcu.externaltools.gnu-tools-for-stm32.13.3.rel1.win32_1.0.0.202411081344/tools/bin/../lib/gcc/arm-none-eabi/13.3.1/../../../../arm-none-eabi/lib/thumb/v6-m/nofp\libc_nano.a(libc_a-exit.o) (__stdio_exit_handler)
C:/ST/STM32CubeIDE_1.19.0/STM32CubeIDE/plugins/com.st.stm32cube.ide.mcu.externaltools.gnu-tools-for-stm32.13.3.rel1.win32_1.0.0.202411081344/tools/bin/../lib/gcc/arm-none-eabi/13.3.1/../../../../arm-none-eabi/lib/thumb/v6-m/nofp\libc_nano.a(libc_a-fwalk.o)
                              C:/ST/STM32CubeIDE_1.19.0/STM32CubeIDE/plugins/com.st.stm32cube.ide.mcu.externaltools.gnu-tools-for-stm32.13.3.rel1.win32_1.0.0.202411081344/tools/bin/../lib/gcc/arm-none-eabi/13.3.1/../../../../arm-none-eabi/lib/thumb/v6-m/nofp\libc_nano.a(libc_a-findfp.o) (_fwalk_sglue)
C:/ST/STM32CubeIDE_1.19.0/STM32CubeIDE/plugins/com.st.stm32cube.ide.mcu.externaltools.gnu-tools-for-stm32.13.3.rel1.win32_1.0.0.202411081344/tools/bin/../lib/gcc/arm-none-eabi/13.3.1/../../../../arm-none-eabi/lib/thumb/v6-m/nofp\libc_nano.a(libc_a-stdio.o)
                              C:/ST/STM32CubeIDE_1.19.0/STM32CubeIDE/plugins/com.st.stm32cube.ide.mcu.externaltools.gnu-tools-for-stm32.13.3.rel1.win32_1.0.0.202411081344/tools/bin/../lib/gcc/arm-none-eabi/13.3.1/../../../../arm-none-eabi/lib/thumb/v6-m/nofp\libc_nano.a(libc_a-findfp.o) (__sread)
C:/ST/STM32CubeIDE_1.19.0/STM32CubeIDE/plugins/com.st.stm32cube.ide.mcu.externaltools.gnu-tools-for-stm32.13.3.rel1.win32_1.0.0.202411081344/tools/bin/../lib/gcc/arm-none-eabi/13.3.1/../../../../arm-none-eabi/lib/thumb/v6-m/nofp\libc_nano.a(libc_a-memset.o)
                              C:/ST/STM32CubeIDE_1.19.0/STM32CubeIDE/plugins/com.st.stm32cube.ide.mcu.externaltools.gnu-tools-for-stm32.13.3.rel1.win32_1.0.0.202411081344/tools/bin/../lib/gcc/arm-none-eabi/13.3.1/../../../../arm-none-eabi/lib/thumb/v6-m/nofp/crt0.o (memset)
C:/ST/STM32CubeIDE_1.19.0/STM32CubeIDE/plugins/com.st.stm32cube.ide.mcu.externaltools.gnu-tools-for-stm32.13.3.rel1.win32_1.0.0.202411081344/tools/bin/../lib/gcc/arm-none-eabi/13.3.1/../../../../arm-none-eabi/lib/thumb/v6-m/nofp\libc_nano.a(libc_a-closer.o)
                              C:/ST/STM32CubeIDE_1.19.0/STM32CubeIDE/plugins/com.st.stm32cube.ide.mcu.externaltools.gnu-tools-for-stm32.13.3.rel1.win32_1.0.0.202411081344/tools/bin/../lib/gcc/arm-none-eabi/13.3.1/../../../../arm-none-eabi/lib/thumb/v6-m/nofp\libc_nano.a(libc_a-stdio.o) (_close_r)
C:/ST/STM32CubeIDE_1.19.0/STM32CubeIDE/plugins/com.st.stm32cube.ide.mcu.externaltools.gnu-tools-for-stm32.13.3.rel1.win32_1.0.0.202411081344/tools/bin/../lib/gcc/arm-none-eabi/13.3.1/../../../../arm-none-eabi/lib/thumb/v6-m/nofp\libc_nano.a(libc_a-reent.o)
                              C:/ST/STM32CubeIDE_1.19.0/STM32CubeIDE/plugins/com.st.stm32cube.ide.mcu.externaltools.gnu-tools-for-stm32.13.3.rel1.win32_1.0.0.202411081344/tools/bin/../lib/gcc/arm-none-eabi/13.3.1/../../../../arm-none-eabi/lib/thumb/v6-m/nofp\libc_nano.a(libc_a-closer.o) (errno)
C:/ST/STM32CubeIDE_1.19.0/STM32CubeIDE/plugins/com.st.stm32cube.ide.mcu.externaltools.gnu-tools-for-stm32.13.3.rel1.win32_1.0.0.202411081344/tools/bin/../lib/gcc/arm-none-eabi/13.3.1/../../../../arm-none-eabi/lib/thumb/v6-m/nofp\libc_nano.a(libc_a-impure.o)
                              C:/ST/STM32CubeIDE_1.19.0/STM32CubeIDE/plugins/com.st.stm32cube.ide.mcu.externaltools.gnu-tools-for-stm32.13.3.rel1.win32_1.0.0.202411081344/tools/bin/../lib/gcc/arm-none-eabi/13.3.1/../../../../arm-none-eabi/lib/thumb/v6-m/nofp\libc_nano.a(libc_a-reent.o) (_impure_ptr)
C:/ST/STM32CubeIDE_1.19.0/STM32CubeIDE/plugins/com.st.stm32cube.ide.mcu.externaltools.gnu-tools-for-stm32.13.3.rel1.win32_1.0.0.202411081344/tools/bin/../lib/gcc/arm-none-eabi/13.3.1/../../../../arm-none-eabi/lib/thumb/v6-m/nofp\libc_nano.a(libc_a-lseekr.o)
[...]
Memory Configuration

Name             Origin             Length             Attributes
RAM              0x20000000         0x00001800         xrw
FLASH            0x08000000         0x00004000         xr
*default*        0x00000000         0xffffffff

Linker script and memory map

LOAD C:/ST/STM32CubeIDE_1.19.0/STM32CubeIDE/plugins/com.st.stm32cube.ide.mcu.externaltools.gnu-tools-for-stm32.13.3.rel1.win32_1.0.0.202411081344/tools/bin/../lib/gcc/arm-none-eabi/13.3.1/thumb/v6-m/nofp/crti.o
LOAD C:/ST/STM32CubeIDE_1.19.0/STM32CubeIDE/plugins/com.st.stm32cube.ide.mcu.externaltools.gnu-tools-for-stm32.13.3.rel1.win32_1.0.0.202411081344/tools/bin/../lib/gcc/arm-none-eabi/13.3.1/thumb/v6-m/nofp/crtbegin.o
LOAD C:/ST/STM32CubeIDE_1.19.0/STM32CubeIDE/plugins/com.st.stm32cube.ide.mcu.externaltools.gnu-tools-for-stm32.13.3.rel1.win32_1.0.0.202411081344/tools/bin/../lib/gcc/arm-none-eabi/13.3.1/../../../../arm-none-eabi/lib/thumb/v6-m/nofp/crt0.o
LOAD ./Core/Src/lib_WS2812C.o
LOAD ./Core/Src/main.o
LOAD ./Core/Src/stm32c0xx_hal_msp.o
LOAD ./Core/Src/stm32c0xx_it.o
LOAD ./Core/Src/syscalls.o
LOAD ./Core/Src/sysmem.o
LOAD ./Core/Src/system_stm32c0xx.o
LOAD ./Core/Startup/startup_stm32c011j4mx.o
LOAD ./Drivers/STM32C0xx_HAL_Driver/Src/stm32c0xx_hal.o
LOAD ./Drivers/STM32C0xx_HAL_Driver/Src/stm32c0xx_hal_adc.o
LOAD ./Drivers/STM32C0xx_HAL_Driver/Src/stm32c0xx_hal_adc_ex.o
LOAD ./Drivers/STM32C0xx_HAL_Driver/Src/stm32c0xx_hal_cortex.o
LOAD ./Drivers/STM32C0xx_HAL_Driver/Src/stm32c0xx_hal_dma.o
LOAD ./Drivers/STM32C0xx_HAL_Driver/Src/stm32c0xx_hal_dma_ex.o
LOAD ./Drivers/STM32C0xx_HAL_Driver/Src/stm32c0xx_hal_exti.o
LOAD ./Drivers/STM32C0xx_HAL_Driver/Src/stm32c0xx_hal_flash.o
LOAD ./Drivers/STM32C0xx_HAL_Driver/Src/stm32c0xx_hal_flash_ex.o
LOAD ./Drivers/STM32C0xx_HAL_Driver/Src/stm32c0xx_hal_gpio.o
LOAD ./Drivers/STM32C0xx_HAL_Driver/Src/stm32c0xx_hal_pwr.o
LOAD ./Drivers/STM32C0xx_HAL_Driver/Src/stm32c0xx_hal_pwr_ex.o
LOAD ./Drivers/STM32C0xx_HAL_Driver/Src/stm32c0xx_hal_rcc.o
LOAD ./Drivers/STM32C0xx_HAL_Driver/Src/stm32c0xx_hal_rcc_ex.o
LOAD ./Drivers/STM32C0xx_HAL_Driver/Src/stm32c0xx_hal_tim.o
LOAD ./Drivers/STM32C0xx_HAL_Driver/Src/stm32c0xx_hal_tim_ex.o
START GROUP
LOAD C:/ST/STM32CubeIDE_1.19.0/STM32CubeIDE/plugins/com.st.stm32cube.ide.mcu.externaltools.gnu-tools-for-stm32.13.3.rel1.win32_1.0.0.202411081344/tools/bin/../lib/gcc/arm-none-eabi/13.3.1/../../../../arm-none-eabi/lib/thumb/v6-m/nofp\libstdc++_nano.a
LOAD C:/ST/STM32CubeIDE_1.19.0/STM32CubeIDE/plugins/com.st.stm32cube.ide.mcu.externaltools.gnu-tools-for-stm32.13.3.rel1.win32_1.0.0.202411081344/tools/bin/../lib/gcc/arm-none-eabi/13.3.1/../../../../arm-none-eabi/lib/thumb/v6-m/nofp\libsupc++_nano.a
END GROUP
LOAD C:/ST/STM32CubeIDE_1.19.0/STM32CubeIDE/plugins/com.st.stm32cube.ide.mcu.externaltools.gnu-tools-for-stm32.13.3.rel1.win32_1.0.0.202411081344/tools/bin/../lib/gcc/arm-none-eabi/13.3.1/../../../../arm-none-eabi/lib/thumb/v6-m/nofp\libstdc++_nano.a
LOAD C:/ST/STM32CubeIDE_1.19.0/STM32CubeIDE/plugins/com.st.stm32cube.ide.mcu.externaltools.gnu-tools-for-stm32.13.3.rel1.win32_1.0.0.202411081344/tools/bin/../lib/gcc/arm-none-eabi/13.3.1/../../../../arm-none-eabi/lib/thumb/v6-m/nofp\libm.a
LOAD C:/ST/STM32CubeIDE_1.19.0/STM32CubeIDE/plugins/com.st.stm32cube.ide.mcu.externaltools.gnu-tools-for-stm32.13.3.rel1.win32_1.0.0.202411081344/tools/bin/../lib/gcc/arm-none-eabi/13.3.1/../../../../arm-none-eabi/lib/thumb/v6-m/nofp\libc_nano.a
START GROUP
LOAD C:/ST/STM32CubeIDE_1.19.0/STM32CubeIDE/plugins/com.st.stm32cube.ide.mcu.externaltools.gnu-tools-for-stm32.13.3.rel1.win32_1.0.0.202411081344/tools/bin/../lib/gcc/arm-none-eabi/13.3.1/thumb/v6-m/nofp\libgcc.a
LOAD C:/ST/STM32CubeIDE_1.19.0/STM32CubeIDE/plugins/com.st.stm32cube.ide.mcu.externaltools.gnu-tools-for-stm32.13.3.rel1.win32_1.0.0.202411081344/tools/bin/../lib/gcc/arm-none-eabi/13.3.1/../../../../arm-none-eabi/lib/thumb/v6-m/nofp\libc_nano.a
END GROUP
START GROUP
LOAD C:/ST/STM32CubeIDE_1.19.0/STM32CubeIDE/plugins/com.st.stm32cube.ide.mcu.externaltools.gnu-tools-for-stm32.13.3.rel1.win32_1.0.0.202411081344/tools/bin/../lib/gcc/arm-none-eabi/13.3.1/thumb/v6-m/nofp\libgcc.a
LOAD C:/ST/STM32CubeIDE_1.19.0/STM32CubeIDE/plugins/com.st.stm32cube.ide.mcu.externaltools.gnu-tools-for-stm32.13.3.rel1.win32_1.0.0.202411081344/tools/bin/../lib/gcc/arm-none-eabi/13.3.1/../../../../arm-none-eabi/lib/thumb/v6-m/nofp\libc_nano.a
LOAD C:/ST/STM32CubeIDE_1.19.0/STM32CubeIDE/plugins/com.st.stm32cube.ide.mcu.externaltools.gnu-tools-for-stm32.13.3.rel1.win32_1.0.0.202411081344/tools/bin/../lib/gcc/arm-none-eabi/13.3.1/../../../../arm-none-eabi/lib/thumb/v6-m/nofp\libnosys.a
END GROUP
START GROUP
LOAD C:/ST/STM32CubeIDE_1.19.0/STM32CubeIDE/plugins/com.st.stm32cube.ide.mcu.externaltools.gnu-tools-for-stm32.13.3.rel1.win32_1.0.0.202411081344/tools/bin/../lib/gcc/arm-none-eabi/13.3.1/thumb/v6-m/nofp\libgcc.a
LOAD C:/ST/STM32CubeIDE_1.19.0/STM32CubeIDE/plugins/com.st.stm32cube.ide.mcu.externaltools.gnu-tools-for-stm32.13.3.rel1.win32_1.0.0.202411081344/tools/bin/../lib/gcc/arm-none-eabi/13.3.1/../../../../arm-none-eabi/lib/thumb/v6-m/nofp\libc_nano.a
LOAD C:/ST/STM32CubeIDE_1.19.0/STM32CubeIDE/plugins/com.st.stm32cube.ide.mcu.externaltools.gnu-tools-for-stm32.13.3.rel1.win32_1.0.0.202411081344/tools/bin/../lib/gcc/arm-none-eabi/13.3.1/../../../../arm-none-eabi/lib/thumb/v6-m/nofp\libnosys.a
END GROUP
LOAD C:/ST/STM32CubeIDE_1.19.0/STM32CubeIDE/plugins/com.st.stm32cube.ide.mcu.externaltools.gnu-tools-for-stm32.13.3.rel1.win32_1.0.0.202411081344/tools/bin/../lib/gcc/arm-none-eabi/13.3.1/thumb/v6-m/nofp/crtend.o
LOAD C:/ST/STM32CubeIDE_1.19.0/STM32CubeIDE/plugins/com.st.stm32cube.ide.mcu.externaltools.gnu-tools-for-stm32.13.3.rel1.win32_1.0.0.202411081344/tools/bin/../lib/gcc/arm-none-eabi/13.3.1/thumb/v6-m/nofp/crtn.o
                0x20001800                        _estack = (ORIGIN (RAM) + LENGTH (RAM))
                0x00000200                        _Min_Heap_Size = 0x200
                0x00000400                        _Min_Stack_Size = 0x400

.isr_vector     0x08000000       0xc0
                0x08000000                        . = ALIGN (0x4)
 *(.isr_vector)
 .isr_vector    0x08000000       0xc0 ./Core/Startup/startup_stm32c011j4mx.o
                0x08000000                g_pfnVectors
                0x080000c0                        . = ALIGN (0x4)

.text           0x080000c0     0x2500
                0x080000c0                        . = ALIGN (0x4)
 *(.text)
 .text          0x080000c0       0x48 C:/ST/STM32CubeIDE_1.19.0/STM32CubeIDE/plugins/com.st.stm32cube.ide.mcu.externaltools.gnu-tools-for-stm32.13.3.rel1.win32_1.0.0.202411081344/tools/bin/../lib/gcc/arm-none-eabi/13.3.1/thumb/v6-m/nofp/crtbegin.o
 .text          0x08000108      0x114 C:/ST/STM32CubeIDE_1.19.0/STM32CubeIDE/plugins/com.st.stm32cube.ide.mcu.externaltools.gnu-tools-for-stm32.13.3.rel1.win32_1.0.0.202411081344/tools/bin/../lib/gcc/arm-none-eabi/13.3.1/thumb/v6-m/nofp\libgcc.a(_udivsi3.o)
                0x08000108                __aeabi_uidiv
                0x08000108                __udivsi3
                0x08000214                __aeabi_uidivmod
 .text          0x0800021c        0x4 C:/ST/STM32CubeIDE_1.19.0/STM32CubeIDE/plugins/com.st.stm32cube.ide.mcu.externaltools.gnu-tools-for-stm32.13.3.rel1.win32_1.0.0.202411081344/tools/bin/../lib/gcc/arm-none-eabi/13.3.1/thumb/v6-m/nofp\libgcc.a(_dvmd_tls.o)
                0x0800021c                __aeabi_idiv0
                0x0800021c                __aeabi_ldiv0
 *(.text*)
 .text.clear_frame
                0x08000220       0x14 ./Core/Src/lib_WS2812C.o
                0x08000220                clear_frame
 .text.set_colour_whole_frame
                0x08000234       0x1c ./Core/Src/lib_WS2812C.o
                0x08000234                set_colour_whole_frame
 .text.send_frame
                0x08000250       0x88 ./Core/Src/lib_WS2812C.o
                0x08000250                send_frame
 .text.HAL_TIM_PWM_PulseFinishedCallback
                0x080002d8        0xc ./Core/Src/lib_WS2812C.o
                0x080002d8                HAL_TIM_PWM_PulseFinishedCallback
 .text.Read_ADC.0
                0x080002e4       0x28 ./Core/Src/main.o
 .text.SystemClock_Config
                0x0800030c       0x68 ./Core/Src/main.o
                0x0800030c                SystemClock_Config
 .text.startup.main
                0x08000374      0x244 ./Core/Src/main.o
                0x08000374                main
 .text.HAL_GPIO_EXTI_Rising_Callback
                0x080005b8       0x14 ./Core/Src/main.o
                0x080005b8                HAL_GPIO_EXTI_Rising_Callback
 .text.Error_Handler
                0x080005cc        0x4 ./Core/Src/main.o
                0x080005cc                Error_Handler
 .text.HAL_MspInit
                0x080005d0       0x30 ./Core/Src/stm32c0xx_hal_msp.o
                0x080005d0                HAL_MspInit
 .text.HAL_ADC_MspInit
                0x08000600       0x7c ./Core/Src/stm32c0xx_hal_msp.o
                0x08000600                HAL_ADC_MspInit
 .text.HAL_TIM_Base_MspInit
                0x0800067c       0x68 ./Core/Src/stm32c0xx_hal_msp.o
                0x0800067c                HAL_TIM_Base_MspInit
 .text.HAL_TIM_MspPostInit
                0x080006e4       0x54 ./Core/Src/stm32c0xx_hal_msp.o
                0x080006e4                HAL_TIM_MspPostInit
 .text.NMI_Handler
                0x08000738        0x2 ./Core/Src/stm32c0xx_it.o
                0x08000738                NMI_Handler
 .text.HardFault_Handler
                0x0800073a        0x2 ./Core/Src/stm32c0xx_it.o
                0x0800073a                HardFault_Handler
 .text.SVC_Handler
                0x0800073c        0x2 ./Core/Src/stm32c0xx_it.o
                0x0800073c                SVC_Handler
 .text.PendSV_Handler
                0x0800073e        0x2 ./Core/Src/stm32c0xx_it.o
                0x0800073e                PendSV_Handler
 .text.SysTick_Handler
                0x08000740        0x8 ./Core/Src/stm32c0xx_it.o
                0x08000740                SysTick_Handler
 .text.EXTI4_15_IRQHandler
                0x08000748        0xa ./Core/Src/stm32c0xx_it.o
                0x08000748                EXTI4_15_IRQHandler
 *fill*         0x08000752        0x2 
 .text.DMA1_Channel1_IRQHandler
                0x08000754       0x10 ./Core/Src/stm32c0xx_it.o
                0x08000754                DMA1_Channel1_IRQHandler
 .text.SystemInit
                0x08000764       0x10 ./Core/Src/system_stm32c0xx.o
                0x08000764                SystemInit
 .text.Reset_Handler
                0x08000774       0x50 ./Core/Startup/startup_stm32c011j4mx.o
                0x08000774                Reset_Handler
 .text.Default_Handler
                0x080007c4        0x2 ./Core/Startup/startup_stm32c011j4mx.o
                0x080007c4                TIM1_CC_IRQHandler
                0x080007c4                I2C1_IRQHandler
                0x080007c4                DMAMUX1_IRQHandler
                0x080007c4                SPI1_IRQHandler
                0x080007c4                EXTI2_3_IRQHandler
                0x080007c4                ADC1_IRQHandler
                0x080007c4                TIM17_IRQHandler
                0x080007c4                RTC_IRQHandler
                0x080007c4                TIM16_IRQHandler
                0x080007c4                TIM3_IRQHandler
                0x080007c4                RCC_IRQHandler
                0x080007c4                Default_Handler
                0x080007c4                TIM14_IRQHandler
                0x080007c4                EXTI0_1_IRQHandler
                0x080007c4                WWDG_IRQHandler
                0x080007c4                DMA1_Channel2_3_IRQHandler
                0x080007c4                USART2_IRQHandler
                0x080007c4                FLASH_IRQHandler
                0x080007c4                USART1_IRQHandler
                0x080007c4                TIM1_BRK_UP_TRG_COM_IRQHandler
 *fill*         0x080007c6        0x2 
 .text.HAL_InitTick
                0x080007c8       0x50 ./Drivers/STM32C0xx_HAL_Driver/Src/stm32c0xx_hal.o
                0x080007c8                HAL_InitTick
 .text.HAL_Init
                0x08000818       0x18 ./Drivers/STM32C0xx_HAL_Driver/Src/stm32c0xx_hal.o
                0x08000818                HAL_Init
 .text.HAL_IncTick
                0x08000830       0x18 ./Drivers/STM32C0xx_HAL_Driver/Src/stm32c0xx_hal.o
                0x08000830                HAL_IncTick
 .text.HAL_GetTick
                0x08000848        0xc ./Drivers/STM32C0xx_HAL_Driver/Src/stm32c0xx_hal.o
                0x08000848                HAL_GetTick
 .text.HAL_Delay
                0x08000854       0x24 ./Drivers/STM32C0xx_HAL_Driver/Src/stm32c0xx_hal.o
                0x08000854                HAL_Delay
 .text.HAL_SYSCFG_SetPinBinding
                0x08000878       0x14 ./Drivers/STM32C0xx_HAL_Driver/Src/stm32c0xx_hal.o
                0x08000878                HAL_SYSCFG_SetPinBinding
 .text.LL_ADC_REG_IsConversionOngoing
                0x0800088c        0x8 ./Drivers/STM32C0xx_HAL_Driver/Src/stm32c0xx_hal_adc.o
 .text.HAL_ADC_Init
                0x08000894      0x220 ./Drivers/STM32C0xx_HAL_Driver/Src/stm32c0xx_hal_adc.o
                0x08000894                HAL_ADC_Init
 .text.HAL_ADC_PollForConversion
                0x08000ab4       0xc0 ./Drivers/STM32C0xx_HAL_Driver/Src/stm32c0xx_hal_adc.o
                0x08000ab4                HAL_ADC_PollForConversion
 .text.HAL_ADC_GetValue
                0x08000b74        0x6 ./Drivers/STM32C0xx_HAL_Driver/Src/stm32c0xx_hal_adc.o
                0x08000b74                HAL_ADC_GetValue
 *fill*         0x08000b7a        0x2 
 .text.HAL_ADC_ConfigChannel
                0x08000b7c      0x248 ./Drivers/STM32C0xx_HAL_Driver/Src/stm32c0xx_hal_adc.o
                0x08000b7c                HAL_ADC_ConfigChannel
 .text.ADC_ConversionStop
                0x08000dc4       0x58 ./Drivers/STM32C0xx_HAL_Driver/Src/stm32c0xx_hal_adc.o
                0x08000dc4                ADC_ConversionStop
 .text.ADC_Enable
                0x08000e1c       0xb0 ./Drivers/STM32C0xx_HAL_Driver/Src/stm32c0xx_hal_adc.o
                0x08000e1c                ADC_Enable
 .text.HAL_ADC_Start
                0x08000ecc       0x5c ./Drivers/STM32C0xx_HAL_Driver/Src/stm32c0xx_hal_adc.o
                0x08000ecc                HAL_ADC_Start
 .text.ADC_Disable
                0x08000f28       0x70 ./Drivers/STM32C0xx_HAL_Driver/Src/stm32c0xx_hal_adc.o
                0x08000f28                ADC_Disable
 .text.HAL_ADC_Stop
                0x08000f98       0x3c ./Drivers/STM32C0xx_HAL_Driver/Src/stm32c0xx_hal_adc.o
                0x08000f98                HAL_ADC_Stop
 .text.HAL_ADCEx_Calibration_Start
                0x08000fd4      0x164 ./Drivers/STM32C0xx_HAL_Driver/Src/stm32c0xx_hal_adc_ex.o
                0x08000fd4                HAL_ADCEx_Calibration_Start
 .text.HAL_NVIC_SetPriority
                0x08001138       0x54 ./Drivers/STM32C0xx_HAL_Driver/Src/stm32c0xx_hal_cortex.o
                0x08001138                HAL_NVIC_SetPriority
 .text.HAL_NVIC_EnableIRQ
                0x0800118c       0x18 ./Drivers/STM32C0xx_HAL_Driver/Src/stm32c0xx_hal_cortex.o
                0x0800118c                HAL_NVIC_EnableIRQ
 .text.HAL_SYSTICK_Config
                0x080011a4       0x34 ./Drivers/STM32C0xx_HAL_Driver/Src/stm32c0xx_hal_cortex.o
                0x080011a4                HAL_SYSTICK_Config
 .text.DMA_SetConfig
                0x080011d8       0x40 ./Drivers/STM32C0xx_HAL_Driver/Src/stm32c0xx_hal_dma.o
 .text.DMA_CalcDMAMUXChannelBaseAndMask
                0x08001218       0x34 ./Drivers/STM32C0xx_HAL_Driver/Src/stm32c0xx_hal_dma.o
 .text.HAL_DMA_Init
                0x0800124c       0xb4 ./Drivers/STM32C0xx_HAL_Driver/Src/stm32c0xx_hal_dma.o
                0x0800124c                HAL_DMA_Init
 .text.HAL_DMA_Start_IT
                0x08001300       0x8e ./Drivers/STM32C0xx_HAL_Driver/Src/stm32c0xx_hal_dma.o
                0x08001300                HAL_DMA_Start_IT
 *fill*         0x0800138e        0x2 
 .text.HAL_DMA_IRQHandler
                0x08001390       0xa8 ./Drivers/STM32C0xx_HAL_Driver/Src/stm32c0xx_hal_dma.o
                0x08001390                HAL_DMA_IRQHandler
 .text.HAL_GPIO_Init
                0x08001438      0x168 ./Drivers/STM32C0xx_HAL_Driver/Src/stm32c0xx_hal_gpio.o
                0x08001438                HAL_GPIO_Init
 .text.HAL_GPIO_EXTI_Falling_Callback
                0x080015a0        0x2 ./Drivers/STM32C0xx_HAL_Driver/Src/stm32c0xx_hal_gpio.o
                0x080015a0                HAL_GPIO_EXTI_Falling_Callback
 *fill*         0x080015a2        0x2 
 .text.HAL_GPIO_EXTI_IRQHandler
                0x080015a4       0x28 ./Drivers/STM32C0xx_HAL_Driver/Src/stm32c0xx_hal_gpio.o
                0x080015a4                HAL_GPIO_EXTI_IRQHandler
 .text.HAL_RCC_OscConfig
                0x080015cc      0x26c ./Drivers/STM32C0xx_HAL_Driver/Src/stm32c0xx_hal_rcc.o
                0x080015cc                HAL_RCC_OscConfig
 .text.HAL_RCC_GetSysClockFreq
                0x08001838       0x4c ./Drivers/STM32C0xx_HAL_Driver/Src/stm32c0xx_hal_rcc.o
                0x08001838                HAL_RCC_GetSysClockFreq
 .text.HAL_RCC_ClockConfig
                0x08001884      0x158 ./Drivers/STM32C0xx_HAL_Driver/Src/stm32c0xx_hal_rcc.o
                0x08001884                HAL_RCC_ClockConfig
 .text.HAL_RCCEx_PeriphCLKConfig
                0x080019dc      0x114 ./Drivers/STM32C0xx_HAL_Driver/Src/stm32c0xx_hal_rcc_ex.o
                0x080019dc                HAL_RCCEx_PeriphCLKConfig
 .text.TIM_OC1_SetConfig
                0x08001af0       0x6c ./Drivers/STM32C0xx_HAL_Driver/Src/stm32c0xx_hal_tim.o
 .text.TIM_OC3_SetConfig
                0x08001b5c       0x84 ./Drivers/STM32C0xx_HAL_Driver/Src/stm32c0xx_hal_tim.o
 .text.TIM_OC4_SetConfig
                0x08001be0       0x68 ./Drivers/STM32C0xx_HAL_Driver/Src/stm32c0xx_hal_tim.o
 .text.TIM_OC5_SetConfig
                0x08001c48       0x60 ./Drivers/STM32C0xx_HAL_Driver/Src/stm32c0xx_hal_tim.o
 .text.TIM_OC6_SetConfig
                0x08001ca8       0x68 ./Drivers/STM32C0xx_HAL_Driver/Src/stm32c0xx_hal_tim.o
 .text.HAL_TIM_PWM_MspInit
                0x08001d10        0x2 ./Drivers/STM32C0xx_HAL_Driver/Src/stm32c0xx_hal_tim.o
                0x08001d10                HAL_TIM_PWM_MspInit
 .text.TIM_DMADelayPulseCplt
                0x08001d12       0x70 ./Drivers/STM32C0xx_HAL_Driver/Src/stm32c0xx_hal_tim.o
 .text.HAL_TIM_PWM_PulseFinishedHalfCpltCallback
                0x08001d82        0x2 ./Drivers/STM32C0xx_HAL_Driver/Src/stm32c0xx_hal_tim.o
                0x08001d82                HAL_TIM_PWM_PulseFinishedHalfCpltCallback
 .text.TIM_DMADelayPulseHalfCplt
                0x08001d84       0x38 ./Drivers/STM32C0xx_HAL_Driver/Src/stm32c0xx_hal_tim.o
                0x08001d84                TIM_DMADelayPulseHalfCplt
 .text.HAL_TIM_ErrorCallback
                0x08001dbc        0x2 ./Drivers/STM32C0xx_HAL_Driver/Src/stm32c0xx_hal_tim.o
                0x08001dbc                HAL_TIM_ErrorCallback
 .text.TIM_DMAError
                0x08001dbe       0x5c ./Drivers/STM32C0xx_HAL_Driver/Src/stm32c0xx_hal_tim.o
                0x08001dbe                TIM_DMAError
 *fill*         0x08001e1a        0x2 
 .text.TIM_Base_SetConfig
                0x08001e1c       0x84 ./Drivers/STM32C0xx_HAL_Driver/Src/stm32c0xx_hal_tim.o
                0x08001e1c                TIM_Base_SetConfig
 .text.HAL_TIM_Base_Init
                0x08001ea0       0x54 ./Drivers/STM32C0xx_HAL_Driver/Src/stm32c0xx_hal_tim.o
                0x08001ea0                HAL_TIM_Base_Init
 .text.HAL_TIM_PWM_Init
                0x08001ef4       0x54 ./Drivers/STM32C0xx_HAL_Driver/Src/stm32c0xx_hal_tim.o
                0x08001ef4                HAL_TIM_PWM_Init
 .text.TIM_OC2_SetConfig
                0x08001f48       0x78 ./Drivers/STM32C0xx_HAL_Driver/Src/stm32c0xx_hal_tim.o
                0x08001f48                TIM_OC2_SetConfig
 .text.HAL_TIM_PWM_ConfigChannel
                0x08001fc0      0x10c ./Drivers/STM32C0xx_HAL_Driver/Src/stm32c0xx_hal_tim.o
                0x08001fc0                HAL_TIM_PWM_ConfigChannel
 .text.TIM_ETR_SetConfig
                0x080020cc       0x18 ./Drivers/STM32C0xx_HAL_Driver/Src/stm32c0xx_hal_tim.o
                0x080020cc                TIM_ETR_SetConfig
 .text.HAL_TIM_ConfigClockSource
                0x080020e4      0x130 ./Drivers/STM32C0xx_HAL_Driver/Src/stm32c0xx_hal_tim.o
                0x080020e4                HAL_TIM_ConfigClockSource
 .text.TIM_CCxChannelCmd
                0x08002214       0x1a ./Drivers/STM32C0xx_HAL_Driver/Src/stm32c0xx_hal_tim.o
                0x08002214                TIM_CCxChannelCmd
 *fill*         0x0800222e        0x2 
 .text.HAL_TIM_OC_Start_DMA
                0x08002230      0x1e8 ./Drivers/STM32C0xx_HAL_Driver/Src/stm32c0xx_hal_tim.o
                0x08002230                HAL_TIM_OC_Start_DMA
 .text.HAL_TIM_PWM_Start_DMA
                0x08002418        0x8 ./Drivers/STM32C0xx_HAL_Driver/Src/stm32c0xx_hal_tim.o
                0x08002418                HAL_TIM_PWM_Start_DMA
 .text.HAL_TIMEx_MasterConfigSynchronization
                0x08002420       0x60 ./Drivers/STM32C0xx_HAL_Driver/Src/stm32c0xx_hal_tim_ex.o
                0x08002420                HAL_TIMEx_MasterConfigSynchronization
 .text.HAL_TIMEx_ConfigBreakDeadTime
                0x08002480       0xbc ./Drivers/STM32C0xx_HAL_Driver/Src/stm32c0xx_hal_tim_ex.o
                0x08002480                HAL_TIMEx_ConfigBreakDeadTime
 .text.memset   0x0800253c       0x10 C:/ST/STM32CubeIDE_1.19.0/STM32CubeIDE/plugins/com.st.stm32cube.ide.mcu.externaltools.gnu-tools-for-stm32.13.3.rel1.win32_1.0.0.202411081344/tools/bin/../lib/gcc/arm-none-eabi/13.3.1/../../../../arm-none-eabi/lib/thumb/v6-m/nofp\libc_nano.a(libc_a-memset.o)
                0x0800253c                memset
 .text.__libc_init_array
                0x0800254c       0x48 C:/ST/STM32CubeIDE_1.19.0/STM32CubeIDE/plugins/com.st.stm32cube.ide.mcu.externaltools.gnu-tools-for-stm32.13.3.rel1.win32_1.0.0.202411081344/tools/bin/../lib/gcc/arm-none-eabi/13.3.1/../../../../arm-none-eabi/lib/thumb/v6-m/nofp\libc_nano.a(libc_a-init.o)
                0x0800254c                __libc_init_array
 .text.memcpy   0x08002594       0x12 C:/ST/STM32CubeIDE_1.19.0/STM32CubeIDE/plugins/com.st.stm32cube.ide.mcu.externaltools.gnu-tools-for-stm32.13.3.rel1.win32_1.0.0.202411081344/tools/bin/../lib/gcc/arm-none-eabi/13.3.1/../../../../arm-none-eabi/lib/thumb/v6-m/nofp\libc_nano.a(libc_a-memcpy-stub.o)
                0x08002594                memcpy
 *(.glue_7)
 .glue_7        0x080025a6        0x0 linker stubs
 *(.glue_7t)
 .glue_7t       0x080025a6        0x0 linker stubs
 *(.eh_frame)
 *fill*         0x080025a6        0x2 
 .eh_frame      0x080025a8        0x0 C:/ST/STM32CubeIDE_1.19.0/STM32CubeIDE/plugins/com.st.stm32cube.ide.mcu.externaltools.gnu-tools-for-stm32.13.3.rel1.win32_1.0.0.202411081344/tools/bin/../lib/gcc/arm-none-eabi/13.3.1/thumb/v6-m/nofp/crtbegin.o
 *(.init)
 .init          0x080025a8        0x4 C:/ST/STM32CubeIDE_1.19.0/STM32CubeIDE/plugins/com.st.stm32cube.ide.mcu.externaltools.gnu-tools-for-stm32.13.3.rel1.win32_1.0.0.202411081344/tools/bin/../lib/gcc/arm-none-eabi/13.3.1/thumb/v6-m/nofp/crti.o
                0x080025a8                _init
 .init          0x080025ac        0x8 C:/ST/STM32CubeIDE_1.19.0/STM32CubeIDE/plugins/com.st.stm32cube.ide.mcu.externaltools.gnu-tools-for-stm32.13.3.rel1.win32_1.0.0.202411081344/tools/bin/../lib/gcc/arm-none-eabi/13.3.1/thumb/v6-m/nofp/crtn.o
 *(.fini)
 .fini          0x080025b4        0x4 C:/ST/STM32CubeIDE_1.19.0/STM32CubeIDE/plugins/com.st.stm32cube.ide.mcu.externaltools.gnu-tools-for-stm32.13.3.rel1.win32_1.0.0.202411081344/tools/bin/../lib/gcc/arm-none-eabi/13.3.1/thumb/v6-m/nofp/crti.o
                0x080025b4                _fini
 .fini          0x080025b8        0x8 C:/ST/STM32CubeIDE_1.19.0/STM32CubeIDE/plugins/com.st.stm32cube.ide.mcu.externaltools.gnu-tools-for-stm32.13.3.rel1.win32_1.0.0.202411081344/tools/bin/../lib/gcc/arm-none-eabi/13.3.1/thumb/v6-m/nofp/crtn.o
                0x080025c0                        . = ALIGN (0x4)
                0x080025c0                        _etext = .

.vfp11_veneer   0x080025c0        0x0
 .vfp11_veneer  0x080025c0        0x0 linker stubs

.v4_bx          0x080025c0        0x0
 .v4_bx         0x080025c0        0x0 linker stubs

.iplt           0x080025c0        0x0
 .iplt          0x080025c0        0x0 C:/ST/STM32CubeIDE_1.19.0/STM32CubeIDE/plugins/com.st.stm32cube.ide.mcu.externaltools.gnu-tools-for-stm32.13.3.rel1.win32_1.0.0.202411081344/tools/bin/../lib/gcc/arm-none-eabi/13.3.1/thumb/v6-m/nofp/crtbegin.o

.rodata         0x080025c0       0x48
                0x080025c0                        . = ALIGN (0x4)
 *(.rodata)
 *(.rodata*)
 .rodata.Cyan   0x080025c0        0x3 ./Core/Src/lib_WS2812C.o
                0x080025c0                Cyan
 .rodata.Blue   0x080025c3        0x3 ./Core/Src/lib_WS2812C.o
                0x080025c3                Blue
 *fill*         0x080025c6        0x2 
 .rodata.AHBPrescTable
                0x080025c8       0x40 ./Core/Src/system_stm32c0xx.o
                0x080025c8                AHBPrescTable
                0x08002608                        . = ALIGN (0x4)

.ARM.extab      0x08002608        0x0
                0x08002608                        . = ALIGN (0x4)
 *(.ARM.extab* .gnu.linkonce.armextab.*)
                0x08002608                        . = ALIGN (0x4)

.ARM            0x08002608        0x0
                0x08002608                        . = ALIGN (0x4)
                0x08002608                        __exidx_start = .
 *(.ARM.exidx*)
                0x08002608                        __exidx_end = .
                0x08002608                        . = ALIGN (0x4)

.preinit_array  0x08002608        0x0
                0x08002608                        . = ALIGN (0x4)
                0x08002608                        PROVIDE (__preinit_array_start = .)
 *(.preinit_array*)
                0x08002608                        PROVIDE (__preinit_array_end = .)
                0x08002608                        . = ALIGN (0x4)

.init_array     0x08002608        0x4
                0x08002608                        . = ALIGN (0x4)
                0x08002608                        PROVIDE (__init_array_start = .)
 *(SORT_BY_NAME(.init_array.*))
 *(.init_array*)
 .init_array    0x08002608        0x4 C:/ST/STM32CubeIDE_1.19.0/STM32CubeIDE/plugins/com.st.stm32cube.ide.mcu.externaltools.gnu-tools-for-stm32.13.3.rel1.win32_1.0.0.202411081344/tools/bin/../lib/gcc/arm-none-eabi/13.3.1/thumb/v6-m/nofp/crtbegin.o
                0x0800260c                        PROVIDE (__init_array_end = .)
                0x0800260c                        . = ALIGN (0x4)

.fini_array     0x0800260c        0x4
                0x0800260c                        . = ALIGN (0x4)
                [!provide]                        PROVIDE (__fini_array_start = .)
 *(SORT_BY_NAME(.fini_array.*))
 *(.fini_array*)
 .fini_array    0x0800260c        0x4 C:/ST/STM32CubeIDE_1.19.0/STM32CubeIDE/plugins/com.st.stm32cube.ide.mcu.externaltools.gnu-tools-for-stm32.13.3.rel1.win32_1.0.0.202411081344/tools/bin/../lib/gcc/arm-none-eabi/13.3.1/thumb/v6-m/nofp/crtbegin.o
                [!provide]                        PROVIDE (__fini_array_end = .)
                0x08002610                        . = ALIGN (0x4)
                0x08002610                        _sidata = LOADADDR (.data)

.rel.dyn        0x08002610        0x0
 .rel.iplt      0x08002610        0x0 C:/ST/STM32CubeIDE_1.19.0/STM32CubeIDE/plugins/com.st.stm32cube.ide.mcu.externaltools.gnu-tools-for-stm32.13.3.rel1.win32_1.0.0.202411081344/tools/bin/../lib/gcc/arm-none-eabi/13.3.1/thumb/v6-m/nofp/crtbegin.o

.data           0x20000000        0xc load address 0x08002610
                0x20000000                        . = ALIGN (0x4)
                0x20000000                        _sdata = .
 *(.data)
 *(.data*)
 .data.SystemCoreClock
                0x20000000        0x4 ./Core/Src/system_stm32c0xx.o
                0x20000000                SystemCoreClock
 .data.uwTickFreq
                0x20000004        0x1 ./Drivers/STM32C0xx_HAL_Driver/Src/stm32c0xx_hal.o
                0x20000004                uwTickFreq
 *fill*         0x20000005        0x3 
 .data.uwTickPrio
                0x20000008        0x4 ./Drivers/STM32C0xx_HAL_Driver/Src/stm32c0xx_hal.o
                0x20000008                uwTickPrio
 *(.RamFunc)
 *(.RamFunc*)
                0x2000000c                        . = ALIGN (0x4)
                0x2000000c                        _edata = .

.igot.plt       0x2000000c        0x0 load address 0x0800261c
 .igot.plt      0x2000000c        0x0 C:/ST/STM32CubeIDE_1.19.0/STM32CubeIDE/plugins/com.st.stm32cube.ide.mcu.externaltools.gnu-tools-for-stm32.13.3.rel1.win32_1.0.0.202411081344/tools/bin/../lib/gcc/arm-none-eabi/13.3.1/thumb/v6-m/nofp/crtbegin.o
                0x2000000c                        . = ALIGN (0x4)

.bss            0x2000000c      0x790 load address 0x0800261c
                0x2000000c                        _sbss = .
                0x2000000c                        __bss_start__ = _sbss
 *(.bss)
 .bss           0x2000000c       0x1c C:/ST/STM32CubeIDE_1.19.0/STM32CubeIDE/plugins/com.st.stm32cube.ide.mcu.externaltools.gnu-tools-for-stm32.13.3.rel1.win32_1.0.0.202411081344/tools/bin/../lib/gcc/arm-none-eabi/13.3.1/thumb/v6-m/nofp/crtbegin.o
 *(.bss*)
 .bss.pwmData.0
                0x20000028      0x660 ./Core/Src/lib_WS2812C.o
 .bss.FLAG_DataSent
                0x20000688        0x1 ./Core/Src/lib_WS2812C.o
                0x20000688                FLAG_DataSent
 .bss.FLAG_BTN  0x20000689        0x1 ./Core/Src/main.o
                0x20000689                FLAG_BTN
 *fill*         0x2000068a        0x2 
 .bss.hdma_tim1_ch1
                0x2000068c       0x5c ./Core/Src/main.o
                0x2000068c                hdma_tim1_ch1
 .bss.htim1     0x200006e8       0x4c ./Core/Src/main.o
                0x200006e8                htim1
 .bss.hadc1     0x20000734       0x64 ./Core/Src/main.o
                0x20000734                hadc1
 .bss.uwTick    0x20000798        0x4 ./Drivers/STM32C0xx_HAL_Driver/Src/stm32c0xx_hal.o
                0x20000798                uwTick
 *(COMMON)
                0x2000079c                        . = ALIGN (0x4)
                0x2000079c                        _ebss = .
                0x2000079c                        __bss_end__ = _ebss

._user_heap_stack
                0x2000079c      0x604 load address 0x0800261c
                0x200007a0                        . = ALIGN (0x8)
 *fill*         0x2000079c        0x4 
                [!provide]                        PROVIDE (end = .)
                0x200007a0                        PROVIDE (_end = .)
                0x200009a0                        . = (. + _Min_Heap_Size)
 *fill*         0x200007a0      0x200 
                0x20000da0                        . = (. + _Min_Stack_Size)
 *fill*         0x200009a0      0x400 
                0x20000da0                        . = ALIGN (0x8)

/DISCARD/
 libc.a(*)
 libm.a(*)
 libgcc.a(*)

.ARM.attributes
                0x00000000       0x28
 *(.ARM.attributes)
 .ARM.attributes
                0x00000000       0x1e C:/ST/STM32CubeIDE_1.19.0/STM32CubeIDE/plugins/com.st.stm32cube.ide.mcu.externaltools.gnu-tools-for-stm32.13.3.rel1.win32_1.0.0.202411081344/tools/bin/../lib/gcc/arm-none-eabi/13.3.1/thumb/v6-m/nofp/crti.o
 .ARM.attributes
                0x0000001e       0x2c C:/ST/STM32CubeIDE_1.19.0/STM32CubeIDE/plugins/com.st.stm32cube.ide.mcu.externaltools.gnu-tools-for-stm32.13.3.rel1.win32_1.0.0.202411081344/tools/bin/../lib/gcc/arm-none-eabi/13.3.1/thumb/v6-m/nofp/crtbegin.o
 .ARM.attributes
                0x0000004a       0x2c ./Core/Src/lib_WS2812C.o
 .ARM.attributes
                0x00000076       0x2c ./Core/Src/main.o
 .ARM.attributes
                0x000000a2       0x2c ./Core/Src/stm32c0xx_hal_msp.o
 .ARM.attributes
                0x000000ce       0x2c ./Core/Src/stm32c0xx_it.o
 .ARM.attributes
                0x000000fa       0x2c ./Core/Src/system_stm32c0xx.o
 .ARM.attributes
                0x00000126       0x22 ./Core/Startup/startup_stm32c011j4mx.o
 .ARM.attributes
                0x00000148       0x2c ./Drivers/STM32C0xx_HAL_Driver/Src/stm32c0xx_hal.o
 .ARM.attributes
                0x00000174       0x2c ./Drivers/STM32C0xx_HAL_Driver/Src/stm32c0xx_hal_adc.o
 .ARM.attributes
                0x000001a0       0x2c ./Drivers/STM32C0xx_HAL_Driver/Src/stm32c0xx_hal_adc_ex.o
 .ARM.attributes
                0x000001cc       0x2c ./Drivers/STM32C0xx_HAL_Driver/Src/stm32c0xx_hal_cortex.o
 .ARM.attributes
                0x000001f8       0x2c ./Drivers/STM32C0xx_HAL_Driver/Src/stm32c0xx_hal_dma.o
 .ARM.attributes
                0x00000224       0x2c ./Drivers/STM32C0xx_HAL_Driver/Src/stm32c0xx_hal_gpio.o
 .ARM.attributes
                0x00000250       0x2c ./Drivers/STM32C0xx_HAL_Driver/Src/stm32c0xx_hal_rcc.o
 .ARM.attributes
                0x0000027c       0x2c ./Drivers/STM32C0xx_HAL_Driver/Src/stm32c0xx_hal_rcc_ex.o
 .ARM.attributes
                0x000002a8       0x2c ./Drivers/STM32C0xx_HAL_Driver/Src/stm32c0xx_hal_tim.o
 .ARM.attributes
                0x000002d4       0x2c ./Drivers/STM32C0xx_HAL_Driver/Src/stm32c0xx_hal_tim_ex.o
 .ARM.attributes
                0x00000300       0x2c C:/ST/STM32CubeIDE_1.19.0/STM32CubeIDE/plugins/com.st.stm32cube.ide.mcu.externaltools.gnu-tools-for-stm32.13.3.rel1.win32_1.0.0.202411081344/tools/bin/../lib/gcc/arm-none-eabi/13.3.1/../../../../arm-none-eabi/lib/thumb/v6-m/nofp\libc_nano.a(libc_a-memset.o)
 .ARM.attributes
                0x0000032c       0x2c C:/ST/STM32CubeIDE_1.19.0/STM32CubeIDE/plugins/com.st.stm32cube.ide.mcu.externaltools.gnu-tools-for-stm32.13.3.rel1.win32_1.0.0.202411081344/tools/bin/../lib/gcc/arm-none-eabi/13.3.1/../../../../arm-none-eabi/lib/thumb/v6-m/nofp\libc_nano.a(libc_a-init.o)
 .ARM.attributes
                0x00000358       0x2c C:/ST/STM32CubeIDE_1.19.0/STM32CubeIDE/plugins/com.st.stm32cube.ide.mcu.externaltools.gnu-tools-for-stm32.13.3.rel1.win32_1.0.0.202411081344/tools/bin/../lib/gcc/arm-none-eabi/13.3.1/../../../../arm-none-eabi/lib/thumb/v6-m/nofp\libc_nano.a(libc_a-memcpy-stub.o)
 .ARM.attributes
                0x00000384       0x1e C:/ST/STM32CubeIDE_1.19.0/STM32CubeIDE/plugins/com.st.stm32cube.ide.mcu.externaltools.gnu-tools-for-stm32.13.3.rel1.win32_1.0.0.202411081344/tools/bin/../lib/gcc/arm-none-eabi/13.3.1/thumb/v6-m/nofp\libgcc.a(_udivsi3.o)
 .ARM.attributes
                0x000003a2       0x1e C:/ST/STM32CubeIDE_1.19.0/STM32CubeIDE/plugins/com.st.stm32cube.ide.mcu.externaltools.gnu-tools-for-stm32.13.3.rel1.win32_1.0.0.202411081344/tools/bin/../lib/gcc/arm-none-eabi/13.3.1/thumb/v6-m/nofp\libgcc.a(_dvmd_tls.o)
 .ARM.attributes
                0x000003c0       0x1e C:/ST/STM32CubeIDE_1.19.0/STM32CubeIDE/plugins/com.st.stm32cube.ide.mcu.externaltools.gnu-tools-for-stm32.13.3.rel1.win32_1.0.0.202411081344/tools/bin/../lib/gcc/arm-none-eabi/13.3.1/thumb/v6-m/nofp/crtn.o
OUTPUT(Light-Array-9.elf elf32-littlearm)
LOAD linker stubs
LOAD C:/ST/STM32CubeIDE_1.19.0/STM32CubeIDE/plugins/com.st.stm32cube.ide.mcu.externaltools.gnu-tools-for-stm32.13.3.rel1.win32_1.0.0.202411081344/tools/bin/../lib/gcc/arm-none-eabi/13.3.1/../../../../arm-none-eabi/lib/thumb/v6-m/nofp\libc.a
LOAD C:/ST/STM32CubeIDE_1.19.0/STM32CubeIDE/plugins/com.st.stm32cube.ide.mcu.externaltools.gnu-tools-for-stm32.13.3.rel1.win32_1.0.0.202411081344/tools/bin/../lib/gcc/arm-none-eabi/13.3.1/../../../../arm-none-eabi/lib/thumb/v6-m/nofp\libm.a
LOAD C:/ST/STM32CubeIDE_1.19.0/STM32CubeIDE/plugins/com.st.stm32cube.ide.mcu.externaltools.gnu-tools-for-stm32.13.3.rel1.win32_1.0.0.202411081344/tools/bin/../lib/gcc/arm-none-eabi/13.3.1/thumb/v6-m/nofp\libgcc.a

.debug_info     0x00000000    0x107ed
 .debug_info    0x00000000     0x1009 ./Core/Src/lib_WS2812C.o
 .debug_info    0x00001009     0x1c9b ./Core/Src/main.o
 .debug_info    0x00002ca4     0x10ae ./Core/Src/stm32c0xx_hal_msp.o
 .debug_info    0x00003d52      0x472 ./Core/Src/stm32c0xx_it.o
 .debug_info    0x000041c4      0x37f ./Core/Src/system_stm32c0xx.o
 .debug_info    0x00004543       0x30 ./Core/Startup/startup_stm32c011j4mx.o
 .debug_info    0x00004573      0x95c ./Drivers/STM32C0xx_HAL_Driver/Src/stm32c0xx_hal.o
 .debug_info    0x00004ecf     0x20e3 ./Drivers/STM32C0xx_HAL_Driver/Src/stm32c0xx_hal_adc.o
 .debug_info    0x00006fb2      0xcbe ./Drivers/STM32C0xx_HAL_Driver/Src/stm32c0xx_hal_adc_ex.o
 .debug_info    0x00007c70      0xa0a ./Drivers/STM32C0xx_HAL_Driver/Src/stm32c0xx_hal_cortex.o
 .debug_info    0x0000867a      0x9fc ./Drivers/STM32C0xx_HAL_Driver/Src/stm32c0xx_hal_dma.o
 .debug_info    0x00009076      0x613 ./Drivers/STM32C0xx_HAL_Driver/Src/stm32c0xx_hal_gpio.o
 .debug_info    0x00009689      0xb19 ./Drivers/STM32C0xx_HAL_Driver/Src/stm32c0xx_hal_rcc.o
 .debug_info    0x0000a1a2      0x5cc ./Drivers/STM32C0xx_HAL_Driver/Src/stm32c0xx_hal_rcc_ex.o
 .debug_info    0x0000a76e     0x434e ./Drivers/STM32C0xx_HAL_Driver/Src/stm32c0xx_hal_tim.o
 .debug_info    0x0000eabc     0x1d31 ./Drivers/STM32C0xx_HAL_Driver/Src/stm32c0xx_hal_tim_ex.o

.debug_abbrev   0x00000000     0x2a42
 .debug_abbrev  0x00000000      0x355 ./Core/Src/lib_WS2812C.o
 .debug_abbrev  0x00000355      0x3cc ./Core/Src/main.o
 .debug_abbrev  0x00000721      0x217 ./Core/Src/stm32c0xx_hal_msp.o
 .debug_abbrev  0x00000938      0x187 ./Core/Src/stm32c0xx_it.o
 .debug_abbrev  0x00000abf      0x12e ./Core/Src/system_stm32c0xx.o
 .debug_abbrev  0x00000bed       0x24 ./Core/Startup/startup_stm32c011j4mx.o
 .debug_abbrev  0x00000c11      0x38e ./Drivers/STM32C0xx_HAL_Driver/Src/stm32c0xx_hal.o
 .debug_abbrev  0x00000f9f      0x342 ./Drivers/STM32C0xx_HAL_Driver/Src/stm32c0xx_hal_adc.o
 .debug_abbrev  0x000012e1      0x311 ./Drivers/STM32C0xx_HAL_Driver/Src/stm32c0xx_hal_adc_ex.o
 .debug_abbrev  0x000015f2      0x2d7 ./Drivers/STM32C0xx_HAL_Driver/Src/stm32c0xx_hal_cortex.o
 .debug_abbrev  0x000018c9      0x253 ./Drivers/STM32C0xx_HAL_Driver/Src/stm32c0xx_hal_dma.o
 .debug_abbrev  0x00001b1c      0x25c ./Drivers/STM32C0xx_HAL_Driver/Src/stm32c0xx_hal_gpio.o
 .debug_abbrev  0x00001d78      0x35c ./Drivers/STM32C0xx_HAL_Driver/Src/stm32c0xx_hal_rcc.o
 .debug_abbrev  0x000020d4      0x297 ./Drivers/STM32C0xx_HAL_Driver/Src/stm32c0xx_hal_rcc_ex.o
 .debug_abbrev  0x0000236b      0x3b4 ./Drivers/STM32C0xx_HAL_Driver/Src/stm32c0xx_hal_tim.o
 .debug_abbrev  0x0000271f      0x323 ./Drivers/STM32C0xx_HAL_Driver/Src/stm32c0xx_hal_tim_ex.o

.debug_loclists
                0x00000000     0x76a7
 .debug_loclists
                0x00000000      0x4af ./Core/Src/lib_WS2812C.o
 .debug_loclists
                0x000004af       0x20 ./Core/Src/main.o
 .debug_loclists
                0x000004cf       0xb2 ./Core/Src/stm32c0xx_hal_msp.o
 .debug_loclists
                0x00000581       0x37 ./Core/Src/system_stm32c0xx.o
 .debug_loclists
                0x000005b8      0x17b ./Drivers/STM32C0xx_HAL_Driver/Src/stm32c0xx_hal.o
 .debug_loclists
                0x00000733      0xd19 ./Drivers/STM32C0xx_HAL_Driver/Src/stm32c0xx_hal_adc.o
 .debug_loclists
                0x0000144c      0x2c6 ./Drivers/STM32C0xx_HAL_Driver/Src/stm32c0xx_hal_adc_ex.o
 .debug_loclists
                0x00001712      0x355 ./Drivers/STM32C0xx_HAL_Driver/Src/stm32c0xx_hal_cortex.o
 .debug_loclists
                0x00001a67      0x5e3 ./Drivers/STM32C0xx_HAL_Driver/Src/stm32c0xx_hal_dma.o
 .debug_loclists
                0x0000204a      0x2ac ./Drivers/STM32C0xx_HAL_Driver/Src/stm32c0xx_hal_gpio.o
 .debug_loclists
                0x000022f6      0x3fd ./Drivers/STM32C0xx_HAL_Driver/Src/stm32c0xx_hal_rcc.o
 .debug_loclists
                0x000026f3      0x28c ./Drivers/STM32C0xx_HAL_Driver/Src/stm32c0xx_hal_rcc_ex.o
 .debug_loclists
                0x0000297f     0x39dd ./Drivers/STM32C0xx_HAL_Driver/Src/stm32c0xx_hal_tim.o
 .debug_loclists
                0x0000635c     0x134b ./Drivers/STM32C0xx_HAL_Driver/Src/stm32c0xx_hal_tim_ex.o

.debug_aranges  0x00000000      0xb90
 .debug_aranges
                0x00000000       0x60 ./Core/Src/lib_WS2812C.o
 .debug_aranges
                0x00000060       0x40 ./Core/Src/main.o
 .debug_aranges
                0x000000a0       0x48 ./Core/Src/stm32c0xx_hal_msp.o
 .debug_aranges
                0x000000e8       0x50 ./Core/Src/stm32c0xx_it.o
 .debug_aranges
                0x00000138       0x28 ./Core/Src/system_stm32c0xx.o
 .debug_aranges
                0x00000160       0x28 ./Core/Startup/startup_stm32c011j4mx.o
 .debug_aranges
                0x00000188       0xf0 ./Drivers/STM32C0xx_HAL_Driver/Src/stm32c0xx_hal.o
 .debug_aranges
                0x00000278      0x118 ./Drivers/STM32C0xx_HAL_Driver/Src/stm32c0xx_hal_adc.o
 .debug_aranges
                0x00000390       0x58 ./Drivers/STM32C0xx_HAL_Driver/Src/stm32c0xx_hal_adc_ex.o
 .debug_aranges
                0x000003e8       0xa0 ./Drivers/STM32C0xx_HAL_Driver/Src/stm32c0xx_hal_cortex.o
 .debug_aranges
                0x00000488       0x88 ./Drivers/STM32C0xx_HAL_Driver/Src/stm32c0xx_hal_dma.o
 .debug_aranges
                0x00000510       0x68 ./Drivers/STM32C0xx_HAL_Driver/Src/stm32c0xx_hal_gpio.o
 .debug_aranges
                0x00000578       0x90 ./Drivers/STM32C0xx_HAL_Driver/Src/stm32c0xx_hal_rcc.o
 .debug_aranges
                0x00000608       0x40 ./Drivers/STM32C0xx_HAL_Driver/Src/stm32c0xx_hal_rcc_ex.o
 .debug_aranges
                0x00000648      0x3b0 ./Drivers/STM32C0xx_HAL_Driver/Src/stm32c0xx_hal_tim.o
 .debug_aranges
                0x000009f8      0x198 ./Drivers/STM32C0xx_HAL_Driver/Src/stm32c0xx_hal_tim_ex.o

.debug_rnglists
                0x00000000      0xcdd
 .debug_rnglists
                0x00000000       0xa0 ./Core/Src/lib_WS2812C.o
 .debug_rnglists
                0x000000a0       0x78 ./Core/Src/main.o
 .debug_rnglists
                0x00000118       0x88 ./Core/Src/stm32c0xx_hal_msp.o
 .debug_rnglists
                0x000001a0       0x37 ./Core/Src/stm32c0xx_it.o
 .debug_rnglists
                0x000001d7       0x19 ./Core/Src/system_stm32c0xx.o
 .debug_rnglists
                0x000001f0       0x19 ./Core/Startup/startup_stm32c011j4mx.o
 .debug_rnglists
                0x00000209       0xbb ./Drivers/STM32C0xx_HAL_Driver/Src/stm32c0xx_hal.o
 .debug_rnglists
                0x000002c4      0x1dc ./Drivers/STM32C0xx_HAL_Driver/Src/stm32c0xx_hal_adc.o
 .debug_rnglists
                0x000004a0       0xad ./Drivers/STM32C0xx_HAL_Driver/Src/stm32c0xx_hal_adc_ex.o
 .debug_rnglists
                0x0000054d       0xa3 ./Drivers/STM32C0xx_HAL_Driver/Src/stm32c0xx_hal_cortex.o
 .debug_rnglists
                0x000005f0       0x72 ./Drivers/STM32C0xx_HAL_Driver/Src/stm32c0xx_hal_dma.o
 .debug_rnglists
                0x00000662       0x4b ./Drivers/STM32C0xx_HAL_Driver/Src/stm32c0xx_hal_gpio.o
 .debug_rnglists
                0x000006ad       0x82 ./Drivers/STM32C0xx_HAL_Driver/Src/stm32c0xx_hal_rcc.o
 .debug_rnglists
                0x0000072f       0x5f ./Drivers/STM32C0xx_HAL_Driver/Src/stm32c0xx_hal_rcc_ex.o
 .debug_rnglists
                0x0000078e      0x416 ./Drivers/STM32C0xx_HAL_Driver/Src/stm32c0xx_hal_tim.o
 .debug_rnglists
                0x00000ba4      0x139 ./Drivers/STM32C0xx_HAL_Driver/Src/stm32c0xx_hal_tim_ex.o

.debug_macro    0x00000000    0x13b79
 .debug_macro   0x00000000      0x1fd ./Core/Src/lib_WS2812C.o
 .debug_macro   0x000001fd      0xab4 ./Core/Src/lib_WS2812C.o
 .debug_macro   0x00000cb1       0x22 ./Core/Src/lib_WS2812C.o
 .debug_macro   0x00000cd3       0x8e ./Core/Src/lib_WS2812C.o
 .debug_macro   0x00000d61       0x51 ./Core/Src/lib_WS2812C.o
 .debug_macro   0x00000db2      0x103 ./Core/Src/lib_WS2812C.o
 .debug_macro   0x00000eb5       0x6a ./Core/Src/lib_WS2812C.o
 .debug_macro   0x00000f1f      0x1df ./Core/Src/lib_WS2812C.o
 .debug_macro   0x000010fe       0x2e ./Core/Src/lib_WS2812C.o
 .debug_macro   0x0000112c       0x28 ./Core/Src/lib_WS2812C.o
 .debug_macro   0x00001154       0x1c ./Core/Src/lib_WS2812C.o
 .debug_macro   0x00001170       0x22 ./Core/Src/lib_WS2812C.o
 .debug_macro   0x00001192       0xd1 ./Core/Src/lib_WS2812C.o
 .debug_macro   0x00001263      0x4da ./Core/Src/lib_WS2812C.o
 .debug_macro   0x0000173d      0x11f ./Core/Src/lib_WS2812C.o
 .debug_macro   0x0000185c     0x8f7d ./Core/Src/lib_WS2812C.o
 .debug_macro   0x0000a7d9       0x6d ./Core/Src/lib_WS2812C.o
 .debug_macro   0x0000a846      0x198 ./Core/Src/lib_WS2812C.o
 .debug_macro   0x0000a9de       0xe9 ./Core/Src/lib_WS2812C.o
 .debug_macro   0x0000aac7     0x3440 ./Core/Src/lib_WS2812C.o
 .debug_macro   0x0000df07      0x190 ./Core/Src/lib_WS2812C.o
 .debug_macro   0x0000e097       0x5b ./Core/Src/lib_WS2812C.o
 .debug_macro   0x0000e0f2      0x366 ./Core/Src/lib_WS2812C.o
 .debug_macro   0x0000e458      0xaf3 ./Core/Src/lib_WS2812C.o
 .debug_macro   0x0000ef4b      0x145 ./Core/Src/lib_WS2812C.o
 .debug_macro   0x0000f090      0x15f ./Core/Src/lib_WS2812C.o
 .debug_macro   0x0000f1ef      0x179 ./Core/Src/lib_WS2812C.o
 .debug_macro   0x0000f368      0x264 ./Core/Src/lib_WS2812C.o
 .debug_macro   0x0000f5cc      0x17e ./Core/Src/lib_WS2812C.o
 .debug_macro   0x0000f74a       0x43 ./Core/Src/lib_WS2812C.o
 .debug_macro   0x0000f78d      0x1f1 ./Core/Src/lib_WS2812C.o
 .debug_macro   0x0000f97e      0x91d ./Core/Src/lib_WS2812C.o
 .debug_macro   0x0001029b      0x5d7 ./Core/Src/lib_WS2812C.o
 .debug_macro   0x00010872       0x2e ./Core/Src/lib_WS2812C.o
 .debug_macro   0x000108a0      0x1aa ./Core/Src/lib_WS2812C.o
 .debug_macro   0x00010a4a      0x367 ./Core/Src/lib_WS2812C.o
 .debug_macro   0x00010db1       0x28 ./Core/Src/lib_WS2812C.o
 .debug_macro   0x00010dd9       0xb3 ./Core/Src/lib_WS2812C.o
 .debug_macro   0x00010e8c      0x104 ./Core/Src/lib_WS2812C.o
 .debug_macro   0x00010f90       0xef ./Core/Src/lib_WS2812C.o
 .debug_macro   0x0001107f      0xaa6 ./Core/Src/lib_WS2812C.o
 .debug_macro   0x00011b25       0xd9 ./Core/Src/lib_WS2812C.o
 .debug_macro   0x00011bfe      0x3c7 ./Core/Src/lib_WS2812C.o
 .debug_macro   0x00011fc5       0x16 ./Core/Src/lib_WS2812C.o
 .debug_macro   0x00011fdb      0x1f7 ./Core/Src/main.o
 .debug_macro   0x000121d2       0x1c ./Core/Src/main.o
 .debug_macro   0x000121ee      0x1ee ./Core/Src/stm32c0xx_hal_msp.o
 .debug_macro   0x000123dc      0x1f8 ./Core/Src/stm32c0xx_it.o
 .debug_macro   0x000125d4      0x1ea ./Core/Src/system_stm32c0xx.o
 .debug_macro   0x000127be      0x202 ./Drivers/STM32C0xx_HAL_Driver/Src/stm32c0xx_hal.o
 .debug_macro   0x000129c0      0x208 ./Drivers/STM32C0xx_HAL_Driver/Src/stm32c0xx_hal_adc.o
 .debug_macro   0x00012bc8      0x1f0 ./Drivers/STM32C0xx_HAL_Driver/Src/stm32c0xx_hal_adc_ex.o
 .debug_macro   0x00012db8      0x1e4 ./Drivers/STM32C0xx_HAL_Driver/Src/stm32c0xx_hal_cortex.o
 .debug_macro   0x00012f9c      0x1e4 ./Drivers/STM32C0xx_HAL_Driver/Src/stm32c0xx_hal_dma.o
 .debug_macro   0x00013180      0x219 ./Drivers/STM32C0xx_HAL_Driver/Src/stm32c0xx_hal_gpio.o
 .debug_macro   0x00013399      0x214 ./Drivers/STM32C0xx_HAL_Driver/Src/stm32c0xx_hal_rcc.o
 .debug_macro   0x000135ad      0x1f6 ./Drivers/STM32C0xx_HAL_Driver/Src/stm32c0xx_hal_rcc_ex.o
 .debug_macro   0x000137a3      0x1ec ./Drivers/STM32C0xx_HAL_Driver/Src/stm32c0xx_hal_tim.o
 .debug_macro   0x0001398f      0x1ea ./Drivers/STM32C0xx_HAL_Driver/Src/stm32c0xx_hal_tim_ex.o

.debug_line     0x00000000    0x11fdb
 .debug_line    0x00000000      0xc72 ./Core/Src/lib_WS2812C.o
 .debug_line    0x00000c72      0xd32 ./Core/Src/main.o
 .debug_line    0x000019a4      0x9a6 ./Core/Src/stm32c0xx_hal_msp.o
 .debug_line    0x0000234a      0x838 ./Core/Src/stm32c0xx_it.o
 .debug_line    0x00002b82      0x7ed ./Core/Src/system_stm32c0xx.o
 .debug_line    0x0000336f       0x7d ./Core/Startup/startup_stm32c011j4mx.o
 .debug_line    0x000033ec      0xbfa ./Drivers/STM32C0xx_HAL_Driver/Src/stm32c0xx_hal.o
 .debug_line    0x00003fe6     0x20a8 ./Drivers/STM32C0xx_HAL_Driver/Src/stm32c0xx_hal_adc.o
 .debug_line    0x0000608e      0xbfc ./Drivers/STM32C0xx_HAL_Driver/Src/stm32c0xx_hal_adc_ex.o
 .debug_line    0x00006c8a      0xca0 ./Drivers/STM32C0xx_HAL_Driver/Src/stm32c0xx_hal_cortex.o
 .debug_line    0x0000792a     0x1131 ./Drivers/STM32C0xx_HAL_Driver/Src/stm32c0xx_hal_dma.o
 .debug_line    0x00008a5b      0xcf4 ./Drivers/STM32C0xx_HAL_Driver/Src/stm32c0xx_hal_gpio.o
 .debug_line    0x0000974f     0x1196 ./Drivers/STM32C0xx_HAL_Driver/Src/stm32c0xx_hal_rcc.o
 .debug_line    0x0000a8e5      0xb72 ./Drivers/STM32C0xx_HAL_Driver/Src/stm32c0xx_hal_rcc_ex.o
 .debug_line    0x0000b457     0x4da8 ./Drivers/STM32C0xx_HAL_Driver/Src/stm32c0xx_hal_tim.o
 .debug_line    0x000101ff     0x1ddc ./Drivers/STM32C0xx_HAL_Driver/Src/stm32c0xx_hal_tim_ex.o

.debug_str      0x00000000    0x7f350
 .debug_str     0x00000000    0x7f350 ./Core/Src/lib_WS2812C.o
                              0x7bfd9 (size before relaxing)
 .debug_str     0x0007f350    0x7c906 ./Core/Src/main.o
 .debug_str     0x0007f350    0x7c325 ./Core/Src/stm32c0xx_hal_msp.o
 .debug_str     0x0007f350    0x7bb2f ./Core/Src/stm32c0xx_it.o
 .debug_str     0x0007f350    0x7b8dc ./Core/Src/system_stm32c0xx.o
 .debug_str     0x0007f350       0x84 ./Core/Startup/startup_stm32c011j4mx.o
 .debug_str     0x0007f350    0x7bee0 ./Drivers/STM32C0xx_HAL_Driver/Src/stm32c0xx_hal.o
 .debug_str     0x0007f350    0x7c6b0 ./Drivers/STM32C0xx_HAL_Driver/Src/stm32c0xx_hal_adc.o
 .debug_str     0x0007f350    0x7c050 ./Drivers/STM32C0xx_HAL_Driver/Src/stm32c0xx_hal_adc_ex.o
 .debug_str     0x0007f350    0x7bcf5 ./Drivers/STM32C0xx_HAL_Driver/Src/stm32c0xx_hal_cortex.o
 .debug_str     0x0007f350    0x7bd61 ./Drivers/STM32C0xx_HAL_Driver/Src/stm32c0xx_hal_dma.o
 .debug_str     0x0007f350    0x7bad4 ./Drivers/STM32C0xx_HAL_Driver/Src/stm32c0xx_hal_gpio.o
 .debug_str     0x0007f350    0x7bec7 ./Drivers/STM32C0xx_HAL_Driver/Src/stm32c0xx_hal_rcc.o
 .debug_str     0x0007f350    0x7bb53 ./Drivers/STM32C0xx_HAL_Driver/Src/stm32c0xx_hal_rcc_ex.o
 .debug_str     0x0007f350    0x7ce04 ./Drivers/STM32C0xx_HAL_Driver/Src/stm32c0xx_hal_tim.o
 .debug_str     0x0007f350    0x7c792 ./Drivers/STM32C0xx_HAL_Driver/Src/stm32c0xx_hal_tim_ex.o

.comment        0x00000000       0x43
 .comment       0x00000000       0x43 ./Core/Src/lib_WS2812C.o
                                 0x44 (size before relaxing)
 .comment       0x00000043       0x44 ./Core/Src/main.o
 .comment       0x00000043       0x44 ./Core/Src/stm32c0xx_hal_msp.o
 .comment       0x00000043       0x44 ./Core/Src/stm32c0xx_it.o
 .comment       0x00000043       0x44 ./Core/Src/system_stm32c0xx.o
 .comment       0x00000043       0x44 ./Drivers/STM32C0xx_HAL_Driver/Src/stm32c0xx_hal.o
 .comment       0x00000043       0x44 ./Drivers/STM32C0xx_HAL_Driver/Src/stm32c0xx_hal_adc.o
 .comment       0x00000043       0x44 ./Drivers/STM32C0xx_HAL_Driver/Src/stm32c0xx_hal_adc_ex.o
 .comment       0x00000043       0x44 ./Drivers/STM32C0xx_HAL_Driver/Src/stm32c0xx_hal_cortex.o
 .comment       0x00000043       0x44 ./Drivers/STM32C0xx_HAL_Driver/Src/stm32c0xx_hal_dma.o
 .comment       0x00000043       0x44 ./Drivers/STM32C0xx_HAL_Driver/Src/stm32c0xx_hal_gpio.o
 .comment       0x00000043       0x44 ./Drivers/STM32C0xx_HAL_Driver/Src/stm32c0xx_hal_rcc.o
 .comment       0x00000043       0x44 ./Drivers/STM32C0xx_HAL_Driver/Src/stm32c0xx_hal_rcc_ex.o
 .comment       0x00000043       0x44 ./Drivers/STM32C0xx_HAL_Driver/Src/stm32c0xx_hal_tim.o
 .comment       0x00000043       0x44 ./Drivers/STM32C0xx_HAL_Driver/Src/stm32c0xx_hal_tim_ex.o

.debug_frame    0x00000000     0x1eb8
 .debug_frame   0x00000000       0xf8 ./Core/Src/lib_WS2812C.o
 .debug_frame   0x000000f8       0x8c ./Core/Src/main.o
 .debug_frame   0x00000184       0xac ./Core/Src/stm32c0xx_hal_msp.o
 .debug_frame   0x00000230       0x98 ./Core/Src/stm32c0xx_it.o
 .debug_frame   0x000002c8       0x30 ./Core/Src/system_stm32c0xx.o
 .debug_frame   0x000002f8      0x1f4 ./Drivers/STM32C0xx_HAL_Driver/Src/stm32c0xx_hal.o
 .debug_frame   0x000004ec      0x324 ./Drivers/STM32C0xx_HAL_Driver/Src/stm32c0xx_hal_adc.o
 .debug_frame   0x00000810       0xac ./Drivers/STM32C0xx_HAL_Driver/Src/stm32c0xx_hal_adc_ex.o
 .debug_frame   0x000008bc      0x130 ./Drivers/STM32C0xx_HAL_Driver/Src/stm32c0xx_hal_cortex.o
 .debug_frame   0x000009ec      0x1a8 ./Drivers/STM32C0xx_HAL_Driver/Src/stm32c0xx_hal_dma.o
 .debug_frame   0x00000b94       0xe0 ./Drivers/STM32C0xx_HAL_Driver/Src/stm32c0xx_hal_gpio.o
 .debug_frame   0x00000c74      0x164 ./Drivers/STM32C0xx_HAL_Driver/Src/stm32c0xx_hal_rcc.o
 .debug_frame   0x00000dd8       0x84 ./Drivers/STM32C0xx_HAL_Driver/Src/stm32c0xx_hal_rcc_ex.o
 .debug_frame   0x00000e5c      0xb04 ./Drivers/STM32C0xx_HAL_Driver/Src/stm32c0xx_hal_tim.o
 .debug_frame   0x00001960      0x4c4 ./Drivers/STM32C0xx_HAL_Driver/Src/stm32c0xx_hal_tim_ex.o
 .debug_frame   0x00001e24       0x20 C:/ST/STM32CubeIDE_1.19.0/STM32CubeIDE/plugins/com.st.stm32cube.ide.mcu.externaltools.gnu-tools-for-stm32.13.3.rel1.win32_1.0.0.202411081344/tools/bin/../lib/gcc/arm-none-eabi/13.3.1/../../../../arm-none-eabi/lib/thumb/v6-m/nofp\libc_nano.a(libc_a-memset.o)
 .debug_frame   0x00001e44       0x2c C:/ST/STM32CubeIDE_1.19.0/STM32CubeIDE/plugins/com.st.stm32cube.ide.mcu.externaltools.gnu-tools-for-stm32.13.3.rel1.win32_1.0.0.202411081344/tools/bin/../lib/gcc/arm-none-eabi/13.3.1/../../../../arm-none-eabi/lib/thumb/v6-m/nofp\libc_nano.a(libc_a-init.o)
 .debug_frame   0x00001e70       0x28 C:/ST/STM32CubeIDE_1.19.0/STM32CubeIDE/plugins/com.st.stm32cube.ide.mcu.externaltools.gnu-tools-for-stm32.13.3.rel1.win32_1.0.0.202411081344/tools/bin/../lib/gcc/arm-none-eabi/13.3.1/../../../../arm-none-eabi/lib/thumb/v6-m/nofp\libc_nano.a(libc_a-memcpy-stub.o)
 .debug_frame   0x00001e98       0x20 C:/ST/STM32CubeIDE_1.19.0/STM32CubeIDE/plugins/com.st.stm32cube.ide.mcu.externaltools.gnu-tools-for-stm32.13.3.rel1.win32_1.0.0.202411081344/tools/bin/../lib/gcc/arm-none-eabi/13.3.1/thumb/v6-m/nofp\libgcc.a(_udivsi3.o)

.debug_line_str
                0x00000000       0x68
 .debug_line_str
                0x00000000       0x68 ./Core/Startup/startup_stm32c011j4mx.o
