../Core/Src/lib_WS2812C.c:34:15:create_colour	8	static
../Core/Src/lib_WS2812C.c:47:6:clear_frame	0	static
../Core/Src/lib_WS2812C.c:55:15:HuetoRGB	16	static
../Core/Src/lib_WS2812C.c:107:6:set_colour_whole_frame	24	static
../Core/Src/lib_WS2812C.c:114:6:set_colour_LED	16	static
../Core/Src/lib_WS2812C.c:118:6:send_frame	24	static
../Core/Src/lib_WS2812C.c:164:6:HAL_TIM_PWM_PulseFinishedCallback	0	static
../Core/Src/lib_WS2812C.c:184:6:Pattern_cycle_RGB	16	static
../Core/Src/lib_WS2812C.c:207:6:Pattern_RainbowGradient	40	static
