../Core/Src/main.c:81:6:set_LED	24	static
../Core/Src/main.c:87:6:set_all_LED	32	static
../Core/Src/main.c:93:6:HAL_TIM_PWM_PulseFinishedCallback	16	static
../Core/Src/main.c:97:6:WS2812C_Send	32	static
../Core/Src/main.c:134:6:cycle_RGB	8	static
../Core/Src/main.c:150:6:Rainbow	48	static
../Core/Src/main.c:219:6:HuetoRGB	32	static
../Core/Src/main.c:276:5:main	16	static
../Core/Src/main.c:343:6:SystemClock_Config	64	static
../Core/Src/main.c:382:13:MX_ADC1_Init	24	static
../Core/Src/main.c:439:13:MX_TIM1_Init	120	static
../Core/Src/main.c:519:13:MX_DMA_Init	16	static
../Core/Src/main.c:537:13:MX_GPIO_Init	48	static
../Core/Src/main.c:567:6:HAL_GPIO_EXTI_Callback	16	static,ignoring_inline_asm
../Core/Src/main.c:584:6:Error_Handler	8	static,ignoring_inline_asm
