../Core/Src/main.c:80:6:set_LED	24	static
../Core/Src/main.c:86:6:set_all_LED	32	static
../Core/Src/main.c:92:6:HAL_TIM_PWM_PulseFinishedCallback	16	static
../Core/Src/main.c:96:6:WS2812C_Send	32	static
../Core/Src/main.c:132:6:cycle_RGB	8	static
../Core/Src/main.c:153:6:HuetoRGB	32	static
../Core/Src/main.c:204:6:Rainbow	48	static
../Core/Src/main.c:271:6:GradientRainbowDiag	16	static
../Core/Src/main.c:307:5:main	8	static
../Core/Src/main.c:361:6:SystemClock_Config	64	static
../Core/Src/main.c:400:13:MX_ADC1_Init	24	static
../Core/Src/main.c:457:13:MX_TIM1_Init	120	static
../Core/Src/main.c:537:13:MX_DMA_Init	16	static
../Core/Src/main.c:555:13:MX_GPIO_Init	48	static
../Core/Src/main.c:585:6:HAL_GPIO_EXTI_Callback	16	static,ignoring_inline_asm
../Core/Src/main.c:602:6:Error_Handler	8	static,ignoring_inline_asm
