../Drivers/STM32C0xx_HAL_Driver/Src/stm32c0xx_hal.c:202:13:HAL_MspInit	0	static
../Drivers/STM32C0xx_HAL_Driver/Src/stm32c0xx_hal.c:213:13:HAL_MspDeInit	0	static
../Drivers/STM32C0xx_HAL_Driver/Src/stm32c0xx_hal.c:176:19:HAL_DeInit	8	static
../Drivers/STM32C0xx_HAL_Driver/Src/stm32c0xx_hal.c:236:26:HAL_InitTick	16	static
../Drivers/STM32C0xx_HAL_Driver/Src/stm32c0xx_hal.c:139:19:HAL_Init	8	static
../Drivers/STM32C0xx_HAL_Driver/Src/stm32c0xx_hal.c:303:13:HAL_IncTick	0	static
../Drivers/STM32C0xx_HAL_Driver/Src/stm32c0xx_hal.c:314:17:HAL_GetTick	0	static
../Drivers/STM32C0xx_HAL_Driver/Src/stm32c0xx_hal.c:323:10:HAL_GetTickPrio	0	static
../Drivers/STM32C0xx_HAL_Driver/Src/stm32c0xx_hal.c:332:19:HAL_SetTickFreq	16	static
../Drivers/STM32C0xx_HAL_Driver/Src/stm32c0xx_hal.c:357:21:HAL_GetTickFreq	0	static
../Drivers/STM32C0xx_HAL_Driver/Src/stm32c0xx_hal.c:373:13:HAL_Delay	16	static
../Drivers/STM32C0xx_HAL_Driver/Src/stm32c0xx_hal.c:399:13:HAL_SuspendTick	0	static
../Drivers/STM32C0xx_HAL_Driver/Src/stm32c0xx_hal.c:415:13:HAL_ResumeTick	0	static
../Drivers/STM32C0xx_HAL_Driver/Src/stm32c0xx_hal.c:425:10:HAL_GetHalVersion	0	static
../Drivers/STM32C0xx_HAL_Driver/Src/stm32c0xx_hal.c:434:10:HAL_GetREVID	0	static
../Drivers/STM32C0xx_HAL_Driver/Src/stm32c0xx_hal.c:443:10:HAL_GetDEVID	0	static
../Drivers/STM32C0xx_HAL_Driver/Src/stm32c0xx_hal.c:452:10:HAL_GetUIDw0	0	static
../Drivers/STM32C0xx_HAL_Driver/Src/stm32c0xx_hal.c:461:10:HAL_GetUIDw1	0	static
../Drivers/STM32C0xx_HAL_Driver/Src/stm32c0xx_hal.c:470:10:HAL_GetUIDw2	0	static
../Drivers/STM32C0xx_HAL_Driver/Src/stm32c0xx_hal.c:498:6:HAL_DBGMCU_EnableDBGStopMode	0	static
../Drivers/STM32C0xx_HAL_Driver/Src/stm32c0xx_hal.c:507:6:HAL_DBGMCU_DisableDBGStopMode	0	static
../Drivers/STM32C0xx_HAL_Driver/Src/stm32c0xx_hal.c:516:6:HAL_DBGMCU_EnableDBGStandbyMode	0	static
../Drivers/STM32C0xx_HAL_Driver/Src/stm32c0xx_hal.c:525:6:HAL_DBGMCU_DisableDBGStandbyMode	0	static
../Drivers/STM32C0xx_HAL_Driver/Src/stm32c0xx_hal.c:554:6:HAL_SYSCFG_EnableRemap	0	static
../Drivers/STM32C0xx_HAL_Driver/Src/stm32c0xx_hal.c:569:6:HAL_SYSCFG_DisableRemap	0	static
../Drivers/STM32C0xx_HAL_Driver/Src/stm32c0xx_hal.c:582:6:HAL_SYSCFG_SetPinBinding	0	static
../Drivers/STM32C0xx_HAL_Driver/Src/stm32c0xx_hal.c:595:10:HAL_SYSCFG_GetPinBinding	0	static
