../Drivers/STM32C0xx_HAL_Driver/Src/stm32c0xx_hal_tim_ex.c:2784:13:TIM_CCxNChannelCmd	8	static
../Drivers/STM32C0xx_HAL_Driver/Src/stm32c0xx_hal_tim_ex.c:2739:13:TIM_DMAErrorCCxN	8	static
../Drivers/STM32C0xx_HAL_Driver/Src/stm32c0xx_hal_tim_ex.c:2689:13:TIM_DMADelayPulseNCplt	8	static
../Drivers/STM32C0xx_HAL_Driver/Src/stm32c0xx_hal_tim_ex.c:298:13:HAL_TIMEx_HallSensor_MspInit	0	static
../Drivers/STM32C0xx_HAL_Driver/Src/stm32c0xx_hal_tim_ex.c:151:19:HAL_TIMEx_HallSensor_Init	56	static
../Drivers/STM32C0xx_HAL_Driver/Src/stm32c0xx_hal_tim_ex.c:313:13:HAL_TIMEx_HallSensor_MspDeInit	0	static
../Drivers/STM32C0xx_HAL_Driver/Src/stm32c0xx_hal_tim_ex.c:253:19:HAL_TIMEx_HallSensor_DeInit	16	static
../Drivers/STM32C0xx_HAL_Driver/Src/stm32c0xx_hal_tim_ex.c:328:19:HAL_TIMEx_HallSensor_Start	32	static
../Drivers/STM32C0xx_HAL_Driver/Src/stm32c0xx_hal_tim_ex.c:382:19:HAL_TIMEx_HallSensor_Stop	8	static
../Drivers/STM32C0xx_HAL_Driver/Src/stm32c0xx_hal_tim_ex.c:410:19:HAL_TIMEx_HallSensor_Start_IT	32	static
../Drivers/STM32C0xx_HAL_Driver/Src/stm32c0xx_hal_tim_ex.c:467:19:HAL_TIMEx_HallSensor_Stop_IT	8	static
../Drivers/STM32C0xx_HAL_Driver/Src/stm32c0xx_hal_tim_ex.c:500:19:HAL_TIMEx_HallSensor_Start_DMA	24	static
../Drivers/STM32C0xx_HAL_Driver/Src/stm32c0xx_hal_tim_ex.c:576:19:HAL_TIMEx_HallSensor_Stop_DMA	8	static
../Drivers/STM32C0xx_HAL_Driver/Src/stm32c0xx_hal_tim_ex.c:638:19:HAL_TIMEx_OCN_Start	8	static
../Drivers/STM32C0xx_HAL_Driver/Src/stm32c0xx_hal_tim_ex.c:689:19:HAL_TIMEx_OCN_Stop	16	static
../Drivers/STM32C0xx_HAL_Driver/Src/stm32c0xx_hal_tim_ex.c:721:19:HAL_TIMEx_OCN_Start_IT	8	static
../Drivers/STM32C0xx_HAL_Driver/Src/stm32c0xx_hal_tim_ex.c:808:19:HAL_TIMEx_OCN_Stop_IT	16	static
../Drivers/STM32C0xx_HAL_Driver/Src/stm32c0xx_hal_tim_ex.c:883:19:HAL_TIMEx_OCN_Start_DMA	16	static
../Drivers/STM32C0xx_HAL_Driver/Src/stm32c0xx_hal_tim_ex.c:1021:19:HAL_TIMEx_OCN_Stop_DMA	16	static
../Drivers/STM32C0xx_HAL_Driver/Src/stm32c0xx_hal_tim_ex.c:1111:19:HAL_TIMEx_PWMN_Start	8	static
../Drivers/STM32C0xx_HAL_Driver/Src/stm32c0xx_hal_tim_ex.c:1161:19:HAL_TIMEx_PWMN_Stop	8	static
../Drivers/STM32C0xx_HAL_Driver/Src/stm32c0xx_hal_tim_ex.c:1193:19:HAL_TIMEx_PWMN_Start_IT	8	static
../Drivers/STM32C0xx_HAL_Driver/Src/stm32c0xx_hal_tim_ex.c:1279:19:HAL_TIMEx_PWMN_Stop_IT	8	static
../Drivers/STM32C0xx_HAL_Driver/Src/stm32c0xx_hal_tim_ex.c:1354:19:HAL_TIMEx_PWMN_Start_DMA	8	static
../Drivers/STM32C0xx_HAL_Driver/Src/stm32c0xx_hal_tim_ex.c:1492:19:HAL_TIMEx_PWMN_Stop_DMA	8	static
../Drivers/STM32C0xx_HAL_Driver/Src/stm32c0xx_hal_tim_ex.c:1583:19:HAL_TIMEx_OnePulseN_Start	40	static
../Drivers/STM32C0xx_HAL_Driver/Src/stm32c0xx_hal_tim_ex.c:1632:19:HAL_TIMEx_OnePulseN_Stop	16	static
../Drivers/STM32C0xx_HAL_Driver/Src/stm32c0xx_hal_tim_ex.c:1671:19:HAL_TIMEx_OnePulseN_Start_IT	40	static
../Drivers/STM32C0xx_HAL_Driver/Src/stm32c0xx_hal_tim_ex.c:1726:19:HAL_TIMEx_OnePulseN_Stop_IT	16	static
../Drivers/STM32C0xx_HAL_Driver/Src/stm32c0xx_hal_tim_ex.c:1811:19:HAL_TIMEx_ConfigCommutEvent	12	static
../Drivers/STM32C0xx_HAL_Driver/Src/stm32c0xx_hal_tim_ex.c:1877:19:HAL_TIMEx_ConfigCommutEvent_IT	12	static
../Drivers/STM32C0xx_HAL_Driver/Src/stm32c0xx_hal_tim_ex.c:1944:19:HAL_TIMEx_ConfigCommutEvent_DMA	16	static
../Drivers/STM32C0xx_HAL_Driver/Src/stm32c0xx_hal_tim_ex.c:1999:19:HAL_TIMEx_MasterConfigSynchronization	20	static
../Drivers/STM32C0xx_HAL_Driver/Src/stm32c0xx_hal_tim_ex.c:2072:19:HAL_TIMEx_ConfigBreakDeadTime	8	static
../Drivers/STM32C0xx_HAL_Driver/Src/stm32c0xx_hal_tim_ex.c:2140:19:HAL_TIMEx_ConfigBreakInput	20	static
../Drivers/STM32C0xx_HAL_Driver/Src/stm32c0xx_hal_tim_ex.c:2251:19:HAL_TIMEx_RemapConfig	8	static
../Drivers/STM32C0xx_HAL_Driver/Src/stm32c0xx_hal_tim_ex.c:2306:20:HAL_TIMEx_TISelection	12	static
../Drivers/STM32C0xx_HAL_Driver/Src/stm32c0xx_hal_tim_ex.c:2348:19:HAL_TIMEx_GroupChannel5	12	static
../Drivers/STM32C0xx_HAL_Driver/Src/stm32c0xx_hal_tim_ex.c:2386:19:HAL_TIMEx_DisarmBreakInput	0	static
../Drivers/STM32C0xx_HAL_Driver/Src/stm32c0xx_hal_tim_ex.c:2440:19:HAL_TIMEx_ReArmBreakInput	16	static
../Drivers/STM32C0xx_HAL_Driver/Src/stm32c0xx_hal_tim_ex.c:2529:13:HAL_TIMEx_CommutCallback	0	static
../Drivers/STM32C0xx_HAL_Driver/Src/stm32c0xx_hal_tim_ex.c:2650:6:TIMEx_DMACommutationCplt	8	static
../Drivers/STM32C0xx_HAL_Driver/Src/stm32c0xx_hal_tim_ex.c:2543:13:HAL_TIMEx_CommutHalfCpltCallback	0	static
../Drivers/STM32C0xx_HAL_Driver/Src/stm32c0xx_hal_tim_ex.c:2669:6:TIMEx_DMACommutationHalfCplt	8	static
../Drivers/STM32C0xx_HAL_Driver/Src/stm32c0xx_hal_tim_ex.c:2558:13:HAL_TIMEx_BreakCallback	0	static
../Drivers/STM32C0xx_HAL_Driver/Src/stm32c0xx_hal_tim_ex.c:2573:13:HAL_TIMEx_Break2Callback	0	static
../Drivers/STM32C0xx_HAL_Driver/Src/stm32c0xx_hal_tim_ex.c:2606:22:HAL_TIMEx_HallSensor_GetState	0	static
../Drivers/STM32C0xx_HAL_Driver/Src/stm32c0xx_hal_tim_ex.c:2621:29:HAL_TIMEx_GetChannelNState	0	static
