../Drivers/STM32C0xx_HAL_Driver/Src/stm32c0xx_hal_exti.c:136:19:HAL_EXTI_SetConfigLine	32	static
../Drivers/STM32C0xx_HAL_Driver/Src/stm32c0xx_hal_exti.c:257:19:HAL_EXTI_GetConfigLine	20	static
../Drivers/STM32C0xx_HAL_Driver/Src/stm32c0xx_hal_exti.c:350:19:HAL_EXTI_ClearConfigLine	32	static
../Drivers/STM32C0xx_HAL_Driver/Src/stm32c0xx_hal_exti.c:415:19:HAL_EXTI_RegisterCallback	0	static
../Drivers/STM32C0xx_HAL_Driver/Src/stm32c0xx_hal_exti.c:450:19:HAL_EXTI_GetHandle	0	static
../Drivers/STM32C0xx_HAL_Driver/Src/stm32c0xx_hal_exti.c:490:6:HAL_EXTI_IRQHandler	16	static
../Drivers/STM32C0xx_HAL_Driver/Src/stm32c0xx_hal_exti.c:544:10:HAL_EXTI_GetPending	8	static
../Drivers/STM32C0xx_HAL_Driver/Src/stm32c0xx_hal_exti.c:588:6:HAL_EXTI_ClearPending	8	static
../Drivers/STM32C0xx_HAL_Driver/Src/stm32c0xx_hal_exti.c:624:6:HAL_EXTI_GenerateSWI	0	static
