../Drivers/STM32C0xx_HAL_Driver/Src/stm32c0xx_hal_cortex.c:132:6:HAL_NVIC_SetPriority	8	static
../Drivers/STM32C0xx_HAL_Driver/Src/stm32c0xx_hal_cortex.c:149:6:HAL_NVIC_EnableIRQ	0	static,ignoring_inline_asm
../Drivers/STM32C0xx_HAL_Driver/Src/stm32c0xx_hal_cortex.c:166:6:HAL_NVIC_DisableIRQ	0	static,ignoring_inline_asm
../Drivers/STM32C0xx_HAL_Driver/Src/stm32c0xx_hal_cortex.c:179:6:HAL_NVIC_SystemReset	0	static,ignoring_inline_asm
../Drivers/STM32C0xx_HAL_Driver/Src/stm32c0xx_hal_cortex.c:192:10:HAL_SYSTICK_Config	0	static
../Drivers/STM32C0xx_HAL_Driver/Src/stm32c0xx_hal_cortex.c:224:10:HAL_NVIC_GetPriority	0	static
../Drivers/STM32C0xx_HAL_Driver/Src/stm32c0xx_hal_cortex.c:238:6:HAL_NVIC_SetPendingIRQ	0	static
../Drivers/STM32C0xx_HAL_Driver/Src/stm32c0xx_hal_cortex.c:257:10:HAL_NVIC_GetPendingIRQ	0	static
../Drivers/STM32C0xx_HAL_Driver/Src/stm32c0xx_hal_cortex.c:274:6:HAL_NVIC_ClearPendingIRQ	0	static
../Drivers/STM32C0xx_HAL_Driver/Src/stm32c0xx_hal_cortex.c:291:6:HAL_SYSTICK_CLKSourceConfig	0	static
../Drivers/STM32C0xx_HAL_Driver/Src/stm32c0xx_hal_cortex.c:318:13:HAL_SYSTICK_Callback	0	static
../Drivers/STM32C0xx_HAL_Driver/Src/stm32c0xx_hal_cortex.c:309:6:HAL_SYSTICK_IRQHandler	8	static
../Drivers/STM32C0xx_HAL_Driver/Src/stm32c0xx_hal_cortex.c:337:6:HAL_MPU_Enable	0	static,ignoring_inline_asm
../Drivers/STM32C0xx_HAL_Driver/Src/stm32c0xx_hal_cortex.c:351:6:HAL_MPU_Disable	0	static,ignoring_inline_asm
../Drivers/STM32C0xx_HAL_Driver/Src/stm32c0xx_hal_cortex.c:364:6:HAL_MPU_EnableRegion	0	static
../Drivers/STM32C0xx_HAL_Driver/Src/stm32c0xx_hal_cortex.c:380:6:HAL_MPU_DisableRegion	0	static
../Drivers/STM32C0xx_HAL_Driver/Src/stm32c0xx_hal_cortex.c:398:6:HAL_MPU_ConfigRegion	0	static
